// Jest Snapshot v1, https://goo.gl/fbAQLP

exports[`test ariport Types component 1`] = `
"<styled.div>
  <Link to=\\"/\\" className=\\"d-flex\\">
    <img src=\\"qantas.svg\\" alt=\\"Logo\\" />
  </Link>
  <h3>
    Welcome to Quatas Online Service
  </h3>
</styled.div>"
`;
